Microchip MPLAB XC8 Compiler V3.00

Linker command line:

-W-3 \
  --edf=C:\Program Files\Microchip\xc8\v3.00\pic\dat\20241204225717_en.msgs \
  -cn -h+dist/default/production\SmartHomeProject.X.production.sym \
  --cmf=dist/default/production\SmartHomeProject.X.production.cmf -z \
  -Q18F46K20 -oC:\Users\anaal\AppData\Local\Temp\xcAsm44.\driver_tmp_3.o \
  --defsym=__MPLAB_BUILD=1 --fixupoverflow=error \
  -Mdist/default/production/SmartHomeProject.X.production.map \
  --md=C:\Users\anaal\AppData\Local\Temp\xcAsm44.\driver_tmp_0.dat -E1 \
  -ver=XC8 Compiler -ACODE=00h-0FFFFh -ACONST=00h-0FFFFh \
  -ASMALLCONST=01000h-010FFhx240 -AMEDIUMCONST=01000h-0FFFFh \
  -ACOMRAM=01h-05Fh -AABS1=00h-0F5Fh -ABIGRAM=01h-0F5Fh \
  -ARAM=060h-0FFh,0100h-01FFhx14,0F00h-0F5Fh -ABANK0=060h-0FFh \
  -ABANK1=0100h-01FFh -ABANK2=0200h-02FFh -ABANK3=0300h-03FFh \
  -ABANK4=0400h-04FFh -ABANK5=0500h-05FFh -ABANK6=0600h-06FFh \
  -ABANK7=0700h-07FFh -ABANK8=0800h-08FFh -ABANK9=0900h-09FFh \
  -ABANK10=0A00h-0AFFh -ABANK11=0B00h-0BFFh -ABANK12=0C00h-0CFFh \
  -ABANK13=0D00h-0DFFh -ABANK14=0E00h-0EFFh -ABANK15=0F00h-0F5Fh \
  -ASFR=0F60h-0FFFh -ABIGSFR=0F60h-0FFFh -ACONFIG=0300000h-030000Dh \
  -AIDLOC=0200000h-0200007h -AEEDATA=0F00000h-0F003FFh -peeprom_data=EEDATA \
  -preset_vec=00h,intcode=8h,intcodelo=18h,sivt_lo,sivt_hi=CODE \
  -ppowerup=CODE,init -pramtop=01000h -psmallconst=SMALLCONST \
  -pmediumconst=MEDIUMCONST -pconst=CONST -AFARRAM=00h-00h \
  -prdata=COMRAM,nvrram=COMRAM,nvbit=COMRAM,rbss=COMRAM,rbit=COMRAM \
  -pfarbss=FARRAM,fardata=FARRAM,nvFARRAM=FARRAM \
  -pintsave_regs=BIGRAM,bigbss=BIGRAM,bigdata=BIGRAM -pbss=RAM \
  -pidata=CODE,irdata=CODE,ibigdata=CODE,ifardata=CODE -prparam=COMRAM \
  C:\Users\anaal\AppData\Local\Temp\xcAsm44.\driver_tmp_9.o \
  dist/default/production\SmartHomeProject.X.production.o 

Object code version is 3.11

Machine type is 18F46K20



                Name                               Link     Load   Length Selector   Space Scale
C:\Users\anaal\AppData\Local\Temp\xcAsm44.\driver_tmp_9.o
                config                           300000   300000        E        0       4
                init                                 9E       9E        4        4       0
                reset_vec                             0        0        4        0       0
dist/default/production\SmartHomeProject.X.production.o
                intcode                               8        8       96        4       0
                config                           300000   300000        E        0       4
                temp                                 52       52        1        1       1
                smallconst                         1000     1000       60      800       0
                text56                             179C     179C        6      830       0
                text55                             17C6     17C6        4      830       0
                text54                             17C2     17C2        4      830       0
                text53                             1796     1796        6      830       0
                text52                             161C     161C       1C      830       0
                text51                             17BE     17BE        4      830       0
                text50                             1790     1790        6      830       0
                text49                             17BA     17BA        4      830       0
                text48                             16D4     16D4       14      830       0
                text47                             178A     178A        6      830       0
                text46                             17B6     17B6        4      830       0
                text45                             17B2     17B2        4      830       0
                text44                             1764     1764        8      830       0
                text43                             17AE     17AE        4      830       0
                text42                             13FE     13FE       56      830       0
                text41                             1784     1784        6      830       0
                text40                             1700     1700        C      830       0
                text39                             16F4     16F4        C      830       0
                text38                             138E     138E       70      830       0
                text37                             1752     1752        A      830       0
                text36                             1748     1748        A      830       0
                text35                             16E8     16E8        C      830       0
                text34                             173E     173E        A      830       0
                text33                             14E4     14E4       48      830       0
                text32                             177E     177E        6      830       0
                text31                             16C0     16C0       14      830       0
                text30                             16AC     16AC       14      830       0
                text29                             1698     1698       14      830       0
                text28                             1150     1150       BE      830       0
                text27                             1778     1778        6      830       0
                text25                             17AA     17AA        4      830       0
                text24                             17A6     17A6        4      830       0
                text23                             1734     1734        A      830       0
                text22                             149C     149C       48      830       0
                text21                             172A     172A        A      830       0
                text20                             1454     1454       48      830       0
                text19                             1296     1296       7E      830       0
                text18                             1682     1682       16      830       0
                text17                             1060     1060       F0      830       0
                text16                             1652     1652       1A      830       0
                text15                             175C     175C        8      830       0
                text14                             1600     1600       1C      830       0
                text13                             15E4     15E4       1C      830       0
                text12                             1564     1564       36      830       0
                text11                             1772     1772        6      830       0
                text10                             166C     166C       16      830       0
                text9                              1720     1720        A      830       0
                text8                              1716     1716        A      830       0
                text7                              170C     170C        A      830       0
                text6                              152C     152C       38      830       0
                text5                              17A2     17A2        4      830       0
                text4                              176C     176C        6      830       0
                text3                              159A     159A       28      830       0
                text2                              1638     1638       1A      830       0
                text1                              1314     1314       7A      830       0
                text0                              120E     120E       88      830       0
                cstackCOMRAM                         2C       2C       26        1       1
                bssBANK0                             60       60       20       60       1
                bssCOMRAM                             1        1       2B        1       1
                cinit                              15C2     15C2       22      830       0

TOTAL           Name                               Link     Load   Length     Space
        CLASS   CODE           
                intcode                               8        8       96         0
                init                                 9E       9E        4         0
                reset_vec                             0        0        4         0
                text56                             179C     179C        6         0
                text55                             17C6     17C6        4         0
                text54                             17C2     17C2        4         0
                text53                             1796     1796        6         0
                text52                             161C     161C       1C         0
                text51                             17BE     17BE        4         0
                text50                             1790     1790        6         0
                text49                             17BA     17BA        4         0
                text48                             16D4     16D4       14         0
                text47                             178A     178A        6         0
                text46                             17B6     17B6        4         0
                text45                             17B2     17B2        4         0
                text44                             1764     1764        8         0
                text43                             17AE     17AE        4         0
                text42                             13FE     13FE       56         0
                text41                             1784     1784        6         0
                text40                             1700     1700        C         0
                text39                             16F4     16F4        C         0
                text38                             138E     138E       70         0
                text37                             1752     1752        A         0
                text36                             1748     1748        A         0
                text35                             16E8     16E8        C         0
                text34                             173E     173E        A         0
                text33                             14E4     14E4       48         0
                text32                             177E     177E        6         0
                text31                             16C0     16C0       14         0
                text30                             16AC     16AC       14         0
                text29                             1698     1698       14         0
                text28                             1150     1150       BE         0
                text27                             1778     1778        6         0
                text25                             17AA     17AA        4         0
                text24                             17A6     17A6        4         0
                text23                             1734     1734        A         0
                text22                             149C     149C       48         0
                text21                             172A     172A        A         0
                text20                             1454     1454       48         0
                text19                             1296     1296       7E         0
                text18                             1682     1682       16         0
                text17                             1060     1060       F0         0
                text16                             1652     1652       1A         0
                text15                             175C     175C        8         0
                text14                             1600     1600       1C         0
                text13                             15E4     15E4       1C         0
                text12                             1564     1564       36         0
                text11                             1772     1772        6         0
                text10                             166C     166C       16         0
                text9                              1720     1720        A         0
                text8                              1716     1716        A         0
                text7                              170C     170C        A         0
                text6                              152C     152C       38         0
                text5                              17A2     17A2        4         0
                text4                              176C     176C        6         0
                text3                              159A     159A       28         0
                text2                              1638     1638       1A         0
                text1                              1314     1314       7A         0
                text0                              120E     120E       88         0
                cinit                              15C2     15C2       22         0

        CLASS   CONST          

        CLASS   SMALLCONST     
                smallconst                         1000     1000       60         0

        CLASS   MEDIUMCONST    

        CLASS   COMRAM         
                temp                                 52       52        1         1
                cstackCOMRAM                         2C       2C       26         1
                bssCOMRAM                             1        1       2B         1

        CLASS   ABS1           

        CLASS   BIGRAM         

        CLASS   RAM            

        CLASS   BANK0          
                bssBANK0                             60       60       20         1

        CLASS   BANK1          

        CLASS   BANK2          

        CLASS   BANK3          

        CLASS   BANK4          

        CLASS   BANK5          

        CLASS   BANK6          

        CLASS   BANK7          

        CLASS   BANK8          

        CLASS   BANK9          

        CLASS   BANK10         

        CLASS   BANK11         

        CLASS   BANK12         

        CLASS   BANK13         

        CLASS   BANK14         

        CLASS   BANK15         

        CLASS   SFR            

        CLASS   BIGSFR         

        CLASS   CONFIG         
                config                           300000   300000        E         4

        CLASS   IDLOC          

        CLASS   EEDATA         

        CLASS   FARRAM         

        CLASS   HEAP           

        CLASS   STACK          



SEGMENTS        Name                           Load    Length   Top    Selector   Space  Class

                reset_vec                      000000  000004  000004         0       0  CODE    
                bssCOMRAM                      000001  000052  000053         1       1  COMRAM  
                intcode                        000008  00009A  0000A2         4       0  CODE    
                bssBANK0                       000060  000020  000080        60       1  BANK0   
                smallconst                     001000  000060  001060       800       0  SMALLCON
                text17                         001060  00076A  0017CA       830       0  CODE    


UNUSED ADDRESS RANGES

        Name                Unused          Largest block    Delta
        BANK0            000080-0000FF               80
        BANK1            000100-0001FF              100
        BANK10           000A00-000AFF              100
        BANK11           000B00-000BFF              100
        BANK12           000C00-000CFF              100
        BANK13           000D00-000DFF              100
        BANK14           000E00-000EFF              100
        BANK15           000F00-000F5F               60
        BANK2            000200-0002FF              100
        BANK3            000300-0003FF              100
        BANK4            000400-0004FF              100
        BANK5            000500-0005FF              100
        BANK6            000600-0006FF              100
        BANK7            000700-0007FF              100
        BANK8            000800-0008FF              100
        BANK9            000900-0009FF              100
        BIGRAM           000053-00005F                D
                         000080-000F5F              EE0
        BIGSFR           000F60-000FFF               A0
        CODE             000004-000007                4
                         0000A2-000FFF              F5E
                         0017CA-00FFFF             E836
        COMRAM           000053-00005F                D
        CONST            000004-000007                4
                         0000A2-000FFF              F5E
                         0017CA-00FFFF             E836
        EEDATA           F00000-F003FF              400
        IDLOC            200000-200007                8
        MEDIUMCONST      0017CA-00FFFF             E836
        RAM              000080-000F5F              100
        SFR              000F60-000FFF               A0
        SMALLCONST       0017CA-00FFFF              100

                                  Symbol Table

EEPROM_24C01C_Read_byte@Byte_Adress                 cstackCOMRAM 000047
EEPROM_24C01C_Read_byte@EEPROM_Address              cstackCOMRAM 000045
EEPROM_24C01C_Read_byte@l_data                      cstackCOMRAM 000048
EEPROM_24C01C_Write_byte@Byte_Adress                cstackCOMRAM 00004D
EEPROM_24C01C_Write_byte@EEPROM_Address             cstackCOMRAM 00004B
EEPROM_24C01C_Write_byte@_data                      cstackCOMRAM 00004E
EUSART_FramingErrorCallbackRegister@callbackHandler cstackCOMRAM 00003B
EUSART_OverrunErrorCallbackRegister@callbackHandler cstackCOMRAM 00003B
I2C1_DataTransmit@data                              cstackCOMRAM 00002C
I2C1_EVENT_ERROR@retEventState                      cstackCOMRAM 00002C
I2C1_EVENT_NACK@retEventState                       cstackCOMRAM 00002C
I2C1_EVENT_RX@retEventState                         cstackCOMRAM 00002C
I2C1_EVENT_TX@retEventState                         cstackCOMRAM 00002D
I2C1_Read1ByteRegister@data                         cstackCOMRAM 000044
I2C1_Read1ByteRegister@deviceAddress                cstackCOMRAM 000041
I2C1_Read1ByteRegister@registerAddress              cstackCOMRAM 000043
I2C1_Read@address                                   cstackCOMRAM 00003B
I2C1_Read@data                                      cstackCOMRAM 00003D
I2C1_Read@dataLength                                cstackCOMRAM 00003E
I2C1_Read@retStatus                                 cstackCOMRAM 000040
I2C1_Write@address                                  cstackCOMRAM 00003B
I2C1_Write@data                                     cstackCOMRAM 00003D
I2C1_Write@dataLength                               cstackCOMRAM 00003E
I2C1_Write@retStatus                                cstackCOMRAM 000040
I2C_Write1ByteRegister_Interface@buffer             cstackCOMRAM 000049
I2C_Write1ByteRegister_Interface@data               cstackCOMRAM 000045
I2C_Write1ByteRegister_Interface@deviceAddress      cstackCOMRAM 000042
I2C_Write1ByteRegister_Interface@i2c                cstackCOMRAM 000041
I2C_Write1ByteRegister_Interface@reg                cstackCOMRAM 000044
INT0_SetInterruptHandler@InterruptHandler           cstackCOMRAM 00003B
INT1_SetInterruptHandler@InterruptHandler           cstackCOMRAM 00003B
INT2_SetInterruptHandler@InterruptHandler           cstackCOMRAM 00003B
TEMPSENSOR_TC74_Temp_Read@SensorAddress             cstackCOMRAM 00004B
TEMPSENSOR_TC74_Temp_Read@config                    cstackCOMRAM 000050
TEMPSENSOR_TC74_Temp_Read@temp_data                 cstackCOMRAM 00004F
_ANSELH                                             (abs)        000F7F
_BAUDCON                                            (abs)        000FB8
_BAUDCONbits                                        (abs)        000FB8
_CLOCK_Initialize                                   text15       00175C
_EEADR                                              (abs)        000FA9
_EECON1bits                                         (abs)        000FA6
_EECON2                                             (abs)        000FA7
_EEDATA                                             (abs)        000FA8
_EEPROM_24C01C_Read_byte                            text18       001682
_EEPROM_24C01C_Write_byte                           text16       001652
_EUSART_AutoBaudQuery                               (abs)        000000
_EUSART_AutoBaudSet                                 (abs)        000000
_EUSART_DefaultFramingErrorCallback                 (abs)        000000
_EUSART_DefaultOverrunErrorCallback                 (abs)        000000
_EUSART_Deinitialize                                (abs)        000000
_EUSART_ErrorGet                                    (abs)        000000
_EUSART_FramingErrorCallbackRegister                text14       001600
_EUSART_FramingErrorHandler                         bssCOMRAM    00001B
_EUSART_Initialize                                  text12       001564
_EUSART_IsRxReady                                   (abs)        000000
_EUSART_IsTxDone                                    (abs)        000000
_EUSART_IsTxReady                                   (abs)        000000
_EUSART_OverrunErrorCallbackRegister                text13       0015E4
_EUSART_OverrunErrorHandler                         bssCOMRAM    000019
_EUSART_Read                                        (abs)        000000
_EUSART_TransmitDisable                             (abs)        000000
_EUSART_TransmitEnable                              (abs)        000000
_EUSART_Write                                       (abs)        000000
_I2C1_AckSend                                       text50       001790
_I2C1_BusReset                                      text56       00179C
_I2C1_Callback                                      bssCOMRAM    000025
_I2C1_CallbackRegister                              (abs)        000000
_I2C1_Close                                         text52       00161C
_I2C1_DataReceive                                   text49       0017BA
_I2C1_DataTransmit                                  text44       001764
_I2C1_Deinitialize                                  (abs)        000000
_I2C1_ERROR_ISR                                     text32       00177E
_I2C1_EVENT_ERROR                                   text36       001748
_I2C1_EVENT_IDLE                                    text41       001784
_I2C1_EVENT_NACK                                    text37       001752
_I2C1_EVENT_RESET                                   text34       00173E
_I2C1_EVENT_RX                                      text38       00138E
_I2C1_EVENT_SEND_RD_ADDR                            text40       001700
_I2C1_EVENT_SEND_WR_ADDR                            text39       0016F4
_I2C1_EVENT_STOP                                    text35       0016E8
_I2C1_EVENT_TX                                      text42       0013FE
_I2C1_ErrorEventHandler                             text33       0014E4
_I2C1_ErrorGet                                      (abs)        000000
_I2C1_ErrorInterruptClear                           text55       0017C6
_I2C1_EventHandler                                  text28       001150
_I2C1_Host                                          smallconst   001043
_I2C1_ISR                                           text27       001778
_I2C1_Initialize                                    text10       00166C
_I2C1_InterruptClear                                text54       0017C2
_I2C1_InterruptsEnable                              text11       001772
_I2C1_IsAddr                                        text31       0016C0
_I2C1_IsBusy                                        text25       0017AA
_I2C1_IsData                                        text30       0016AC
_I2C1_IsNack                                        text29       001698
_I2C1_IsRxBufFull                                   text48       0016D4
_I2C1_NackSend                                      text47       00178A
_I2C1_Read                                          text22       00149C
_I2C1_Read1ByteRegister                             text19       001296
_I2C1_ReadStart                                     text23       001734
_I2C1_ReceiveEnable                                 text46       0017B6
_I2C1_RestartDisable                                text45       0017B2
_I2C1_RestartEnable                                 text43       0017AE
_I2C1_StartSend                                     text24       0017A6
_I2C1_StatusFlagsClear                              text53       001796
_I2C1_StopSend                                      text51       0017BE
_I2C1_Write                                         text20       001454
_I2C1_WriteRead                                     (abs)        000000
_I2C1_WriteStart                                    text21       00172A
_I2C_Write1ByteRegister_Interface                   text17       001060
_INT0_DefaultInterruptHandler                       (abs)        000000
_INT0_InterruptHandler                              bssCOMRAM    000023
_INT0_SetInterruptHandler                           text9        001720
_INT1_DefaultInterruptHandler                       (abs)        000000
_INT1_InterruptHandler                              bssCOMRAM    000021
_INT1_SetInterruptHandler                           text8        001716
_INT2_DefaultInterruptHandler                       (abs)        000000
_INT2_InterruptHandler                              bssCOMRAM    00001F
_INT2_SetInterruptHandler                           text7        00170C
_INTCON2bits                                        (abs)        000FF1
_INTCON3bits                                        (abs)        000FF0
_INTCONbits                                         (abs)        000FF2
_INTERRUPT_Initialize                               text6        00152C
_INTERRUPT_InterruptManagerHigh                     intcode      000008
_IOCB                                               (abs)        000F7D
_IPR1bits                                           (abs)        000F9F
_IPR2bits                                           (abs)        000FA2
_LATA                                               (abs)        000F89
_LATB                                               (abs)        000F8A
_LATC                                               (abs)        000F8B
_LATD                                               (abs)        000F8C
_LATE                                               (abs)        000F8D
_NVM_Initialize                                     text4        00176C
_NVM_StatusClear                                    text5        0017A2
_OSCCON                                             (abs)        000FD3
_OSCTUNE                                            (abs)        000F9B
_PIE1bits                                           (abs)        000F9D
_PIE2bits                                           (abs)        000FA0
_PIN_MANAGER_Initialize                             text3        00159A
_PIR1bits                                           (abs)        000F9E
_PIR2bits                                           (abs)        000FA1
_RCONbits                                           (abs)        000FD0
_RCREG                                              (abs)        000FAE
_RCSTA                                              (abs)        000FAB
_RCSTAbits                                          (abs)        000FAB
_RealTimeClockDS1307                                bssCOMRAM    00000D
_RealTimeClockDS1307@RealTimeClockDS1307$F129       bssCOMRAM    000013
_RealTimeClock_Pack                                 bssBANK0     000060
_SPBRG                                              (abs)        000FAF
_SPBRGH                                             (abs)        000FB0
_SSPADD                                             (abs)        000FC8
_SSPBUF                                             (abs)        000FC9
_SSPCON1                                            (abs)        000FC6
_SSPCON1bits                                        (abs)        000FC6
_SSPCON2                                            (abs)        000FC5
_SSPCON2bits                                        (abs)        000FC5
_SSPSTAT                                            (abs)        000FC7
_SSPSTATbits                                        (abs)        000FC7
_SYSTEM_Initialize                                  text2        001638
_TABLAT                                             (abs)        000FF5
_TBLPTRH                                            (abs)        000FF7
_TBLPTRL                                            (abs)        000FF6
_TBLPTRU                                            (abs)        000FF8
_TEMPSENSOR_TC74_Temp_Read                          text1        001314
_TRISA                                              (abs)        000F92
_TRISB                                              (abs)        000F93
_TRISC                                              (abs)        000F94
_TRISD                                              (abs)        000F95
_TRISE                                              (abs)        000F96
_TXREG                                              (abs)        000FAD
_TXSTA                                              (abs)        000FAC
_TXSTAbits                                          (abs)        000FAC
_U4rec                                              bssCOMRAM    000029
_U5rec                                              bssCOMRAM    000028
_UART1                                              smallconst   001001
_WPUB                                               (abs)        000F7C
__HRAM                                              (abs)        000000
__H__absolute__                                     __absolute__ 000000
__Habs1                                             abs1         000000
__Hbank0                                            bank0        000000
__Hbank1                                            bank1        000000
__Hbank10                                           bank10       000000
__Hbank11                                           bank11       000000
__Hbank12                                           bank12       000000
__Hbank13                                           bank13       000000
__Hbank14                                           bank14       000000
__Hbank15                                           bank15       000000
__Hbank2                                            bank2        000000
__Hbank3                                            bank3        000000
__Hbank4                                            bank4        000000
__Hbank5                                            bank5        000000
__Hbank6                                            bank6        000000
__Hbank7                                            bank7        000000
__Hbank8                                            bank8        000000
__Hbank9                                            bank9        000000
__Hbigbss                                           bigbss       000000
__Hbigdata                                          bigdata      000000
__Hbigram                                           bigram       000000
__Hbigsfr                                           bigsfr       000000
__Hbss                                              bss          000000
__HbssBANK0                                         bssBANK0     000000
__HbssCOMRAM                                        bssCOMRAM    000000
__Hcinit                                            cinit        000000
__Hclrtext                                          clrtext      000000
__Hcomram                                           comram       000000
__Hconfig                                           config       30000E
__Hconst                                            const        000000
__HcstackCOMRAM                                     cstackCOMRAM 000000
__Hdata                                             data         000000
__Heeprom_data                                      eeprom_data  000000
__Hfarbss                                           farbss       000000
__Hfardata                                          fardata      000000
__Hheap                                             heap         000000
__Hibigdata                                         ibigdata     000000
__Hidata                                            idata        000000
__Hidloc                                            idloc        000000
__Hifardata                                         ifardata     000000
__Hinit                                             init         0000A2
__Hintcode                                          intcode      00009E
__Hintcode_body                                     intcode_body 000000
__Hintcodelo                                        intcodelo    000018
__Hintentry                                         intentry     000000
__Hintret                                           intret       000000
__Hintsave_regs                                     intsave_regs 000000
__Hirdata                                           irdata       000000
__Hmediumconst                                      mediumconst  000000
__HnvFARRAM                                         nvFARRAM     000000
__Hnvbit                                            nvbit        000000
__Hnvrram                                           nvrram       000000
__Hparam                                            rparam       000000
__Hpowerup                                          powerup      000000
__Hram                                              ram          000000
__Hramtop                                           ramtop       001000
__Hrbit                                             rbit         000000
__Hrbss                                             rbss         000000
__Hrdata                                            rdata        000000
__Hreset_vec                                        reset_vec    000004
__Hrparam                                           rparam       000000
__Hsfr                                              sfr          000000
__Hsivt_hi                                          sivt_hi      000000
__Hsivt_lo                                          sivt_lo      000018
__Hsmallconst                                       smallconst   001060
__Hspace_0                                          (abs)        0017CA
__Hspace_1                                          (abs)        000080
__Hspace_2                                          (abs)        000000
__Hspace_4                                          (abs)        60000E
__Hstack                                            stack        000000
__Hstruct                                           struct       000000
__Htemp                                             temp         000053
__Htext                                             text         000000
__Htext0                                            text0        000000
__Htext1                                            text1        000000
__Htext10                                           text10       000000
__Htext11                                           text11       000000
__Htext12                                           text12       000000
__Htext13                                           text13       000000
__Htext14                                           text14       000000
__Htext15                                           text15       000000
__Htext16                                           text16       000000
__Htext17                                           text17       000000
__Htext18                                           text18       000000
__Htext19                                           text19       000000
__Htext2                                            text2        000000
__Htext20                                           text20       000000
__Htext21                                           text21       000000
__Htext22                                           text22       000000
__Htext23                                           text23       000000
__Htext24                                           text24       000000
__Htext25                                           text25       000000
__Htext27                                           text27       000000
__Htext28                                           text28       000000
__Htext29                                           text29       000000
__Htext3                                            text3        000000
__Htext30                                           text30       000000
__Htext31                                           text31       000000
__Htext32                                           text32       000000
__Htext33                                           text33       000000
__Htext34                                           text34       000000
__Htext35                                           text35       000000
__Htext36                                           text36       000000
__Htext37                                           text37       000000
__Htext38                                           text38       000000
__Htext39                                           text39       000000
__Htext4                                            text4        000000
__Htext40                                           text40       000000
__Htext41                                           text41       000000
__Htext42                                           text42       000000
__Htext43                                           text43       000000
__Htext44                                           text44       000000
__Htext45                                           text45       000000
__Htext46                                           text46       000000
__Htext47                                           text47       000000
__Htext48                                           text48       000000
__Htext49                                           text49       000000
__Htext5                                            text5        000000
__Htext50                                           text50       000000
__Htext51                                           text51       000000
__Htext52                                           text52       000000
__Htext53                                           text53       000000
__Htext54                                           text54       000000
__Htext55                                           text55       000000
__Htext56                                           text56       000000
__Htext6                                            text6        000000
__Htext7                                            text7        000000
__Htext8                                            text8        000000
__Htext9                                            text9        000000
__LRAM                                              (abs)        000001
__L__absolute__                                     __absolute__ 000000
__Labs1                                             abs1         000000
__Lbank0                                            bank0        000000
__Lbank1                                            bank1        000000
__Lbank10                                           bank10       000000
__Lbank11                                           bank11       000000
__Lbank12                                           bank12       000000
__Lbank13                                           bank13       000000
__Lbank14                                           bank14       000000
__Lbank15                                           bank15       000000
__Lbank2                                            bank2        000000
__Lbank3                                            bank3        000000
__Lbank4                                            bank4        000000
__Lbank5                                            bank5        000000
__Lbank6                                            bank6        000000
__Lbank7                                            bank7        000000
__Lbank8                                            bank8        000000
__Lbank9                                            bank9        000000
__Lbigbss                                           bigbss       000000
__Lbigdata                                          bigdata      000000
__Lbigram                                           bigram       000000
__Lbigsfr                                           bigsfr       000000
__Lbss                                              bss          000000
__LbssBANK0                                         bssBANK0     000000
__LbssCOMRAM                                        bssCOMRAM    000000
__Lcinit                                            cinit        000000
__Lclrtext                                          clrtext      000000
__Lcomram                                           comram       000000
__Lconfig                                           config       000000
__Lconst                                            const        000000
__LcstackCOMRAM                                     cstackCOMRAM 000000
__Ldata                                             data         000000
__Leeprom_data                                      eeprom_data  000000
__Lfarbss                                           farbss       000000
__Lfardata                                          fardata      000000
__Lheap                                             heap         000000
__Libigdata                                         ibigdata     000000
__Lidata                                            idata        000000
__Lidloc                                            idloc        000000
__Lifardata                                         ifardata     000000
__Linit                                             init         00009E
__Lintcode                                          intcode      000008
__Lintcode_body                                     intcode_body 000000
__Lintcodelo                                        intcodelo    000018
__Lintentry                                         intentry     000000
__Lintret                                           intret       000000
__Lintsave_regs                                     intsave_regs 000000
__Lirdata                                           irdata       000000
__Lmediumconst                                      mediumconst  000000
__LnvFARRAM                                         nvFARRAM     000000
__Lnvbit                                            nvbit        000000
__Lnvrram                                           nvrram       000000
__Lparam                                            rparam       000000
__Lpowerup                                          powerup      000000
__Lram                                              ram          000000
__Lramtop                                           ramtop       001000
__Lrbit                                             rbit         000000
__Lrbss                                             rbss         000000
__Lrdata                                            rdata        000000
__Lreset_vec                                        reset_vec    000000
__Lrparam                                           rparam       000000
__Lsfr                                              sfr          000000
__Lsivt_hi                                          sivt_hi      000000
__Lsivt_lo                                          sivt_lo      000018
__Lsmallconst                                       smallconst   001000
__Lspace_0                                          (abs)        000000
__Lspace_1                                          (abs)        000000
__Lspace_2                                          (abs)        000000
__Lspace_4                                          (abs)        000000
__Lstack                                            stack        000000
__Lstruct                                           struct       000000
__Ltemp                                             temp         000052
__Ltext                                             text         000000
__Ltext0                                            text0        000000
__Ltext1                                            text1        000000
__Ltext10                                           text10       000000
__Ltext11                                           text11       000000
__Ltext12                                           text12       000000
__Ltext13                                           text13       000000
__Ltext14                                           text14       000000
__Ltext15                                           text15       000000
__Ltext16                                           text16       000000
__Ltext17                                           text17       000000
__Ltext18                                           text18       000000
__Ltext19                                           text19       000000
__Ltext2                                            text2        000000
__Ltext20                                           text20       000000
__Ltext21                                           text21       000000
__Ltext22                                           text22       000000
__Ltext23                                           text23       000000
__Ltext24                                           text24       000000
__Ltext25                                           text25       000000
__Ltext27                                           text27       000000
__Ltext28                                           text28       000000
__Ltext29                                           text29       000000
__Ltext3                                            text3        000000
__Ltext30                                           text30       000000
__Ltext31                                           text31       000000
__Ltext32                                           text32       000000
__Ltext33                                           text33       000000
__Ltext34                                           text34       000000
__Ltext35                                           text35       000000
__Ltext36                                           text36       000000
__Ltext37                                           text37       000000
__Ltext38                                           text38       000000
__Ltext39                                           text39       000000
__Ltext4                                            text4        000000
__Ltext40                                           text40       000000
__Ltext41                                           text41       000000
__Ltext42                                           text42       000000
__Ltext43                                           text43       000000
__Ltext44                                           text44       000000
__Ltext45                                           text45       000000
__Ltext46                                           text46       000000
__Ltext47                                           text47       000000
__Ltext48                                           text48       000000
__Ltext49                                           text49       000000
__Ltext5                                            text5        000000
__Ltext50                                           text50       000000
__Ltext51                                           text51       000000
__Ltext52                                           text52       000000
__Ltext53                                           text53       000000
__Ltext54                                           text54       000000
__Ltext55                                           text55       000000
__Ltext56                                           text56       000000
__Ltext6                                            text6        000000
__Ltext7                                            text7        000000
__Ltext8                                            text8        000000
__Ltext9                                            text9        000000
__S0                                                (abs)        0017CA
__S1                                                (abs)        000080
__S4                                                (abs)        000000
__S5                                                (abs)        000000
___heap_hi                                          (abs)        000000
___heap_lo                                          (abs)        000000
___inthi_sp                                         stack        000000
___inthi_stack_hi                                   stack        000000
___inthi_stack_lo                                   stack        000000
___intlo_sp                                         stack        000000
___intlo_stack_hi                                   stack        000000
___intlo_stack_lo                                   stack        000000
___param_bank                                       (abs)        000000
___rparam_used                                      (abs)        000001
___sp                                               stack        000000
___stack_hi                                         stack        000000
___stack_lo                                         stack        000000
__accesstop                                         (abs)        000060
__activetblptr                                      (abs)        000003
__end_of_CLOCK_Initialize                           text15       001764
__end_of_EEPROM_24C01C_Read_byte                    text18       001698
__end_of_EEPROM_24C01C_Write_byte                   text16       00166C
__end_of_EUSART_FramingErrorCallbackRegister        text14       00161C
__end_of_EUSART_Initialize                          text12       00159A
__end_of_EUSART_OverrunErrorCallbackRegister        text13       001600
__end_of_I2C1_AckSend                               text50       001796
__end_of_I2C1_BusReset                              text56       0017A2
__end_of_I2C1_Close                                 text52       001638
__end_of_I2C1_DataReceive                           text49       0017BE
__end_of_I2C1_DataTransmit                          text44       00176C
__end_of_I2C1_ERROR_ISR                             text32       001784
__end_of_I2C1_EVENT_ERROR                           text36       001752
__end_of_I2C1_EVENT_IDLE                            text41       00178A
__end_of_I2C1_EVENT_NACK                            text37       00175C
__end_of_I2C1_EVENT_RESET                           text34       001748
__end_of_I2C1_EVENT_RX                              text38       0013FE
__end_of_I2C1_EVENT_SEND_RD_ADDR                    text40       00170C
__end_of_I2C1_EVENT_SEND_WR_ADDR                    text39       001700
__end_of_I2C1_EVENT_STOP                            text35       0016F4
__end_of_I2C1_EVENT_TX                              text42       001454
__end_of_I2C1_ErrorEventHandler                     text33       00152C
__end_of_I2C1_ErrorInterruptClear                   text55       0017CA
__end_of_I2C1_EventHandler                          text28       00120E
__end_of_I2C1_Host                                  smallconst   001057
__end_of_I2C1_ISR                                   text27       00177E
__end_of_I2C1_Initialize                            text10       001682
__end_of_I2C1_InterruptClear                        text54       0017C6
__end_of_I2C1_InterruptsEnable                      text11       001778
__end_of_I2C1_IsAddr                                text31       0016D4
__end_of_I2C1_IsBusy                                text25       0017AE
__end_of_I2C1_IsData                                text30       0016C0
__end_of_I2C1_IsNack                                text29       0016AC
__end_of_I2C1_IsRxBufFull                           text48       0016E8
__end_of_I2C1_NackSend                              text47       001790
__end_of_I2C1_Read                                  text22       0014E4
__end_of_I2C1_Read1ByteRegister                     text19       001314
__end_of_I2C1_ReadStart                             text23       00173E
__end_of_I2C1_ReceiveEnable                         text46       0017BA
__end_of_I2C1_RestartDisable                        text45       0017B6
__end_of_I2C1_RestartEnable                         text43       0017B2
__end_of_I2C1_StartSend                             text24       0017AA
__end_of_I2C1_StatusFlagsClear                      text53       00179C
__end_of_I2C1_StopSend                              text51       0017C2
__end_of_I2C1_Write                                 text20       00149C
__end_of_I2C1_WriteStart                            text21       001734
__end_of_I2C_Write1ByteRegister_Interface           text17       001150
__end_of_INT0_SetInterruptHandler                   text9        00172A
__end_of_INT1_SetInterruptHandler                   text8        001720
__end_of_INT2_SetInterruptHandler                   text7        001716
__end_of_INTERRUPT_Initialize                       text6        001564
__end_of_INTERRUPT_InterruptManagerHigh             intcode      00009E
__end_of_NVM_Initialize                             text4        001772
__end_of_NVM_StatusClear                            text5        0017A6
__end_of_PIN_MANAGER_Initialize                     text3        0015C2
__end_of_SYSTEM_Initialize                          text2        001652
__end_of_TEMPSENSOR_TC74_Temp_Read                  text1        00138E
__end_of_UART1                                      smallconst   001031
__end_of__initialization                            cinit        0015DA
__end_of_i2c1_eventTable                            smallconst   001043
__end_of_main                                       text0        001296
__initialization                                    cinit        0015C2
__mediumconst                                       smallconst   001000
__pbssBANK0                                         bssBANK0     000060
__pbssCOMRAM                                        bssCOMRAM    000001
__pcinit                                            cinit        0015C2
__pcstackCOMRAM                                     cstackCOMRAM 00002C
__pintcode                                          intcode      000008
__psmallconst                                       smallconst   001000
__ptext0                                            text0        00120E
__ptext1                                            text1        001314
__ptext10                                           text10       00166C
__ptext11                                           text11       001772
__ptext12                                           text12       001564
__ptext13                                           text13       0015E4
__ptext14                                           text14       001600
__ptext15                                           text15       00175C
__ptext16                                           text16       001652
__ptext17                                           text17       001060
__ptext18                                           text18       001682
__ptext19                                           text19       001296
__ptext2                                            text2        001638
__ptext20                                           text20       001454
__ptext21                                           text21       00172A
__ptext22                                           text22       00149C
__ptext23                                           text23       001734
__ptext24                                           text24       0017A6
__ptext25                                           text25       0017AA
__ptext27                                           text27       001778
__ptext28                                           text28       001150
__ptext29                                           text29       001698
__ptext3                                            text3        00159A
__ptext30                                           text30       0016AC
__ptext31                                           text31       0016C0
__ptext32                                           text32       00177E
__ptext33                                           text33       0014E4
__ptext34                                           text34       00173E
__ptext35                                           text35       0016E8
__ptext36                                           text36       001748
__ptext37                                           text37       001752
__ptext38                                           text38       00138E
__ptext39                                           text39       0016F4
__ptext4                                            text4        00176C
__ptext40                                           text40       001700
__ptext41                                           text41       001784
__ptext42                                           text42       0013FE
__ptext43                                           text43       0017AE
__ptext44                                           text44       001764
__ptext45                                           text45       0017B2
__ptext46                                           text46       0017B6
__ptext47                                           text47       00178A
__ptext48                                           text48       0016D4
__ptext49                                           text49       0017BA
__ptext5                                            text5        0017A2
__ptext50                                           text50       001790
__ptext51                                           text51       0017BE
__ptext52                                           text52       00161C
__ptext53                                           text53       001796
__ptext54                                           text54       0017C2
__ptext55                                           text55       0017C6
__ptext56                                           text56       00179C
__ptext6                                            text6        00152C
__ptext7                                            text7        00170C
__ptext8                                            text8        001716
__ptext9                                            text9        001720
__ramtop                                            ramtop       001000
__smallconst                                        smallconst   001000
_eusartRxLastError                                  bssCOMRAM    00001D
_i2c1Status                                         bssCOMRAM    000001
_i2c1_eventTable                                    smallconst   001031
_main                                               text0        00120E
_temp_data                                          bssCOMRAM    000027
_unlockKeyHigh                                      bssCOMRAM    00002A
_unlockKeyLow                                       bssCOMRAM    00002B
btemp                                               temp         000052
end_of_initialization                               cinit        0015DA
int$flags                                           temp         000052
intlevel0                                           text         000000
intlevel1                                           text         000000
intlevel2                                           text         000000
intlevel3                                           text         000000
isa$std                                             (abs)        000001
isa$xinst                                           (abs)        000000
stackhi                                             (abs)        000000
stacklo                                             (abs)        000000
start                                               init         00009E
start_initialization                                cinit        0015C2
ttemp5                                              temp         000053
ttemp6                                              temp         000056
ttemp7                                              temp         00005A
wtemp8                                              temp         000053


MODULE INFORMATION

Module		Function		Class		Link	Load	Size
AECUL_Modules/EEPROM_24C01C/EEPROM_24C01C.c
		_EEPROM_24C01C_Read_byte		CODE           	1682	0000	22
		_EEPROM_24C01C_Write_byte		CODE           	1652	0000	26

AECUL_Modules/EEPROM_24C01C/EEPROM_24C01C.c estimated size: 48

mcc_generated_files/system/src/interrupt.c
		_INT0_SetInterruptHandler		CODE           	1720	0000	10
		_INT1_SetInterruptHandler		CODE           	1716	0000	10
		_INT2_SetInterruptHandler		CODE           	170C	0000	10
		_INTERRUPT_Initialize		CODE           	152C	0000	56
		_INTERRUPT_InterruptManagerHigh		CODE           	0008	0000	150

mcc_generated_files/system/src/interrupt.c estimated size: 236

mcc_generated_files/nvm/src/nvm.c
		_NVM_Initialize		CODE           	176C	0000	6
		_NVM_StatusClear		CODE           	17A2	0000	4

mcc_generated_files/nvm/src/nvm.c estimated size: 10

mcc_generated_files/system/src/pins.c
		_PIN_MANAGER_Initialize		CODE           	159A	0000	40

mcc_generated_files/system/src/pins.c estimated size: 40

shared
		__initialization		CODE           	15C2	0000	24
		_I2C1_Host     		SMALLCONST     	1043	0000	20
		_i2c1_eventTable		SMALLCONST     	1031	0000	18
		_UART1         		SMALLCONST     	1001	0000	48

shared estimated size: 110

mcc_generated_files/uart/src/eusart.c
		_EUSART_FramingErrorCallbackRegister		CODE           	1600	0000	28
		_EUSART_OverrunErrorCallbackRegister		CODE           	15E4	0000	28
		_EUSART_Initialize		CODE           	1564	0000	54

mcc_generated_files/uart/src/eusart.c estimated size: 110

mcc_generated_files/system/src/clock.c
		_CLOCK_Initialize		CODE           	175C	0000	8

mcc_generated_files/system/src/clock.c estimated size: 8

mcc_generated_files/i2c_host/src/mssp.c
		_I2C1_EVENT_SEND_WR_ADDR		CODE           	16F4	0000	12
		_I2C1_Read     		CODE           	149C	0000	72
		_I2C1_NackSend 		CODE           	178A	0000	6
		_I2C1_ErrorEventHandler		CODE           	14E4	0000	72
		_I2C1_EVENT_RESET		CODE           	173E	0000	10
		_I2C1_EVENT_ERROR		CODE           	1748	0000	10
		_I2C1_ErrorInterruptClear		CODE           	17C6	0000	4
		_I2C1_StatusFlagsClear		CODE           	1796	0000	6
		_I2C1_InterruptsEnable		CODE           	1772	0000	6
		_I2C1_InterruptClear		CODE           	17C2	0000	4
		_I2C1_WriteStart		CODE           	172A	0000	10
		_I2C1_ReadStart		CODE           	1734	0000	10
		_I2C1_EVENT_RX 		CODE           	138E	0000	112
		_I2C1_EVENT_TX 		CODE           	13FE	0000	86
		_I2C1_ReceiveEnable		CODE           	17B6	0000	4
		_I2C1_RestartEnable		CODE           	17AE	0000	4
		_I2C1_ISR      		CODE           	1778	0000	6
		_I2C1_EventHandler		CODE           	1150	0000	190
		_I2C1_DataReceive		CODE           	17BA	0000	4
		_I2C1_IsData   		CODE           	16AC	0000	20
		_I2C1_IsNack   		CODE           	1698	0000	20
		_I2C1_IsAddr   		CODE           	16C0	0000	20
		_I2C1_IsBusy   		CODE           	17AA	0000	4
		_I2C1_EVENT_IDLE		CODE           	1784	0000	6
		_I2C1_EVENT_NACK		CODE           	1752	0000	10
		_I2C1_EVENT_SEND_RD_ADDR		CODE           	1700	0000	12
		_I2C1_EVENT_STOP		CODE           	16E8	0000	12
		_I2C1_BusReset 		CODE           	179C	0000	6
		_I2C1_Initialize		CODE           	166C	0000	22
		_I2C1_Close    		CODE           	161C	0000	28
		_I2C1_ERROR_ISR		CODE           	177E	0000	6
		_I2C1_IsRxBufFull		CODE           	16D4	0000	20
		_I2C1_Write    		CODE           	1454	0000	72
		_I2C_Write1ByteRegister_Interface		CODE           	1060	0000	240
		_I2C1_StopSend 		CODE           	17BE	0000	4
		_I2C1_RestartDisable		CODE           	17B2	0000	4
		_I2C1_DataTransmit		CODE           	1764	0000	8
		_I2C1_AckSend  		CODE           	1790	0000	6
		_I2C1_Read1ByteRegister		CODE           	1296	0000	126
		_I2C1_StartSend		CODE           	17A6	0000	4

mcc_generated_files/i2c_host/src/mssp.c estimated size: 1278

main.c
		_main          		CODE           	120E	0000	136

main.c estimated size: 136

mcc_generated_files/system/src/system.c
		_SYSTEM_Initialize		CODE           	1638	0000	26

mcc_generated_files/system/src/system.c estimated size: 26

AECUL_Modules/TempSensor_TC74/TempSensor_TC74.c
		_TEMPSENSOR_TC74_Temp_Read		CODE           	1314	0000	122

AECUL_Modules/TempSensor_TC74/TempSensor_TC74.c estimated size: 122

