Microchip MPLAB XC8 Compiler V3.00

Linker command line:

-W-3 \
  --edf=C:\Program Files\Microchip\xc8\v3.00\pic\dat\20241204225717_en.msgs \
  -cn -h+dist/default/production\application.production.sym \
  --cmf=dist/default/production\application.production.cmf -z -Q18F4620 \
  -oC:\Users\anaal\AppData\Local\Temp\xcBstk4.1\driver_tmp_3.o \
  --defsym=__MPLAB_BUILD=1 --fixupoverflow=error \
  -Mdist/default/production/application.production.map \
  --md=C:\Users\anaal\AppData\Local\Temp\xcBstk4.1\driver_tmp_0.dat -E1 \
  -ver=XC8 Compiler -ACODE=00h-0FFFFh -ACONST=00h-0FFFFh \
  -ASMALLCONST=01000h-010FFhx240 -AMEDIUMCONST=01000h-0FFFFh \
  -ACOMRAM=01h-07Fh -AABS1=00h-0F7Fh -ABIGRAM=01h-0F7Fh \
  -ARAM=080h-0FFh,0100h-01FFhx14,0F00h-0F7Fh -ABANK0=080h-0FFh \
  -ABANK1=0100h-01FFh -ABANK2=0200h-02FFh -ABANK3=0300h-03FFh \
  -ABANK4=0400h-04FFh -ABANK5=0500h-05FFh -ABANK6=0600h-06FFh \
  -ABANK7=0700h-07FFh -ABANK8=0800h-08FFh -ABANK9=0900h-09FFh \
  -ABANK10=0A00h-0AFFh -ABANK11=0B00h-0BFFh -ABANK12=0C00h-0CFFh \
  -ABANK13=0D00h-0DFFh -ABANK14=0E00h-0EFFh -ABANK15=0F00h-0F7Fh \
  -ASFR=0F80h-0FFFh -ABIGSFR=0F80h-0FFFh -ACONFIG=0300000h-030000Dh \
  -AIDLOC=0200000h-0200007h -AEEDATA=0F00000h-0F003FFh -peeprom_data=EEDATA \
  -preset_vec=00h,intcode=8h,intcodelo=18h,sivt_lo,sivt_hi=CODE \
  -ppowerup=CODE,init -pramtop=01000h -psmallconst=SMALLCONST \
  -pmediumconst=MEDIUMCONST -pconst=CONST -AFARRAM=00h-00h \
  -prdata=COMRAM,nvrram=COMRAM,nvbit=COMRAM,rbss=COMRAM,rbit=COMRAM \
  -pfarbss=FARRAM,fardata=FARRAM,nvFARRAM=FARRAM \
  -pintsave_regs=BIGRAM,bigbss=BIGRAM,bigdata=BIGRAM -pbss=RAM \
  -pidata=CODE,irdata=CODE,ibigdata=CODE,ifardata=CODE -prparam=COMRAM \
  C:\Users\anaal\AppData\Local\Temp\xcBstk4.1\driver_tmp_9.o \
  dist/default/production\application.production.o 

Object code version is 3.11

Machine type is 18F4620



                Name                               Link     Load   Length Selector   Space Scale
C:\Users\anaal\AppData\Local\Temp\xcBstk4.1\driver_tmp_9.o
                config                           300000   300000        E        0       4
                init                                  E        E        4        4       0
                reset_vec                             0        0        4        0       0
dist/default/production\application.production.o
                intcode                               8        8        6        4       0
                config                           300000   300000        E        0       4
                temp                                 77       77        1        1       1
                smallconst                         1000     1000       16      800       0
                text22                             1944     1944        4      C2C       0
                text21                             1940     1940        4      C2C       0
                text20                             193C     193C        4      C2C       0
                text19                             1938     1938        4      C2C       0
                text18                             18F0     18F0       1A      C2C       0
                text17                             18D6     18D6       1A      C2C       0
                text16                             18BC     18BC       1A      C2C       0
                text15                             18A2     18A2       1A      C2C       0
                text14                             1886     1886       1C      C2C       0
                text13                             191E     191E        C      C2C       0
                text12                             192A     192A        8      C2C       0
                text11                             1932     1932        6      C2C       0
                text10                             17F0     17F0       36      80B       0
                intcode_body                       1016     1016      32E      80B       0
                text8                              1600     1600       76      80B       0
                text7                              1562     1562       9E      80B       0
                text6                              1740     1740       5A      80B       0
                text5                              1948     1948        2      C2C       0
                text4                              1344     1344      110      80B       0
                text3                              1454     1454      10E      80B       0
                text2                              16E4     16E4       5C      80B       0
                text1                              1676     1676       6E      80B       0
                text0                              1858     1858       2E      C2C       0
                cstackCOMRAM                         63       63       13        1       1
                dataBANK0                            80       80       14       80       1
                dataCOMRAM                           32       32       31        1       1
                bssCOMRAM                             1        1       31        1       1
                cinit                              179A     179A       56      80B       0
                nvCOMRAM                             76       76        1        1       1
                idataBANK0                         190A     190A       14      C2C       0
                idataCOMRAM                        1826     1826       31      80B       0

TOTAL           Name                               Link     Load   Length     Space
        CLASS   CODE           
                intcode                               8        8        6         0
                init                                  E        E        4         0
                reset_vec                             0        0        4         0
                text22                             1944     1944        4         0
                text21                             1940     1940        4         0
                text20                             193C     193C        4         0
                text19                             1938     1938        4         0
                text18                             18F0     18F0       1A         0
                text17                             18D6     18D6       1A         0
                text16                             18BC     18BC       1A         0
                text15                             18A2     18A2       1A         0
                text14                             1886     1886       1C         0
                text13                             191E     191E        C         0
                text12                             192A     192A        8         0
                text11                             1932     1932        6         0
                text10                             17F0     17F0       36         0
                intcode_body                       1016     1016      32E         0
                text8                              1600     1600       76         0
                text7                              1562     1562       9E         0
                text6                              1740     1740       5A         0
                text5                              1948     1948        2         0
                text4                              1344     1344      110         0
                text3                              1454     1454      10E         0
                text2                              16E4     16E4       5C         0
                text1                              1676     1676       6E         0
                text0                              1858     1858       2E         0
                cinit                              179A     179A       56         0
                idataBANK0                         190A     190A       14         0
                idataCOMRAM                        1826     1826       31         0

        CLASS   CONST          

        CLASS   SMALLCONST     
                smallconst                         1000     1000       16         0

        CLASS   MEDIUMCONST    

        CLASS   COMRAM         
                temp                                 77       77        1         1
                cstackCOMRAM                         63       63       13         1
                dataCOMRAM                           32       32       31         1
                bssCOMRAM                             1        1       31         1
                nvCOMRAM                             76       76        1         1

        CLASS   ABS1           

        CLASS   BIGRAM         

        CLASS   RAM            

        CLASS   BANK0          
                dataBANK0                            80       80       14         1

        CLASS   BANK1          

        CLASS   BANK2          

        CLASS   BANK3          

        CLASS   BANK4          

        CLASS   BANK5          

        CLASS   BANK6          

        CLASS   BANK7          

        CLASS   BANK8          

        CLASS   BANK9          

        CLASS   BANK10         

        CLASS   BANK11         

        CLASS   BANK12         

        CLASS   BANK13         

        CLASS   BANK14         

        CLASS   BANK15         

        CLASS   SFR            

        CLASS   BIGSFR         

        CLASS   CONFIG         
                config                           300000   300000        E         4

        CLASS   IDLOC          

        CLASS   EEDATA         

        CLASS   FARRAM         

        CLASS   HEAP           

        CLASS   STACK          



SEGMENTS        Name                           Load    Length   Top    Selector   Space  Class

                reset_vec                      000000  000004  000004         0       0  CODE    
                bssCOMRAM                      000001  000077  000078         1       1  COMRAM  
                intcode                        000008  00000A  000012         4       0  CODE    
                dataBANK0                      000080  000014  000094        80       1  BANK0   
                smallconst                     001000  000016  001016       800       0  SMALLCON
                intcode_body                   001016  000841  001857       80B       0  CODE    
                text0                          001858  0000F2  00194A       C2C       0  CODE    


UNUSED ADDRESS RANGES

        Name                Unused          Largest block    Delta
        BANK0            000094-0000FF               6C
        BANK1            000100-0001FF              100
        BANK10           000A00-000AFF              100
        BANK11           000B00-000BFF              100
        BANK12           000C00-000CFF              100
        BANK13           000D00-000DFF              100
        BANK14           000E00-000EFF              100
        BANK15           000F00-000F7F               80
        BANK2            000200-0002FF              100
        BANK3            000300-0003FF              100
        BANK4            000400-0004FF              100
        BANK5            000500-0005FF              100
        BANK6            000600-0006FF              100
        BANK7            000700-0007FF              100
        BANK8            000800-0008FF              100
        BANK9            000900-0009FF              100
        BIGRAM           000078-00007F                8
                         000094-000F7F              EEC
        BIGSFR           000F80-000FFF               80
        CODE             000004-000007                4
                         000012-000FFF              FEE
                         001857-001857                1
                         00194A-00FFFF             E6B6
        COMRAM           000078-00007F                8
        CONST            000004-000007                4
                         000012-000FFF              FEE
                         001857-001857                1
                         00194A-00FFFF             E6B6
        EEDATA           F00000-F003FF              400
        IDLOC            200000-200007                8
        MEDIUMCONST      001857-001857                1
                         00194A-00FFFF             E6B6
        RAM              000094-000F7F              100
        SFR              000F80-000FFF               80
        SMALLCONST       001857-001857                1
                         00194A-00FFFF              100

                                  Symbol Table

RB4_ISR@RB4_Source                       cstackCOMRAM 000063
RB5_ISR@RB5_Source                       cstackCOMRAM 000063
RB6_ISR@RB6_Source                       cstackCOMRAM 000063
RB7_ISR@RB7_Source                       cstackCOMRAM 000063
Timer3_Init@_timer                       cstackCOMRAM 000068
Timer3_Init@ret                          cstackCOMRAM 00006B
Timer3_ReadVal@_timer                    cstackCOMRAM 000067
Timer3_ReadVal@l_TMR3H                   cstackCOMRAM 00006E
Timer3_ReadVal@l_TMR3L                   cstackCOMRAM 00006D
Timer3_ReadVal@readVal                   cstackCOMRAM 000068
Timer3_ReadVal@ret                       cstackCOMRAM 00006F
Timer3_mode_select@_timer                cstackCOMRAM 000067
_ADCON0bits                              (abs)        000FC2
_ADCON1bits                              (abs)        000FC1
_ADCON2bits                              (abs)        000FC0
_ADC_ISR                                 text22       001944
_ADC_InterruptHandler                    bssCOMRAM    000025
_ADRESH                                  (abs)        000FC4
_ADRESL                                  (abs)        000FC3
_EEADR                                   (abs)        000FA9
_EEADRH                                  (abs)        000FAA
_EECON1bits                              (abs)        000FA6
_EECON2                                  (abs)        000FA7
_EEDATA                                  (abs)        000FA8
_INT0_ISR                                text21       001940
_INT0_InterruptHandler                   bssCOMRAM    000023
_INT1_ISR                                text20       00193C
_INT1_InterruptHandler                   bssCOMRAM    000021
_INT2_ISR                                text19       001938
_INT2_InterruptHandler                   bssCOMRAM    00001F
_INTCON2bits                             (abs)        000FF1
_INTCON3bits                             (abs)        000FF0
_INTCONbits                              (abs)        000FF2
_InterruptManager                        intcode      000008
_LATA                                    (abs)        000F89
_LATB                                    (abs)        000F8A
_LATC                                    (abs)        000F8B
_LATD                                    (abs)        000F8C
_LATE                                    (abs)        000F8D
_PIE1bits                                (abs)        000F9D
_PIE2bits                                (abs)        000FA0
_PIR1bits                                (abs)        000F9E
_PIR2bits                                (abs)        000FA1
_PORTA                                   (abs)        000F80
_PORTB                                   (abs)        000F81
_PORTBbits                               (abs)        000F81
_PORTC                                   (abs)        000F82
_PORTD                                   (abs)        000F83
_PORTE                                   (abs)        000F84
_RB4_FLAG                                dataCOMRAM   00004E
_RB4_ISR                                 text18       0018F0
_RB4_InterruptHandler_HIGH               bssCOMRAM    00001D
_RB4_InterruptHandler_LOW                bssCOMRAM    00001B
_RB5_FLAG                                dataCOMRAM   00004D
_RB5_ISR                                 text17       0018D6
_RB5_InterruptHandler_HIGH               bssCOMRAM    000019
_RB5_InterruptHandler_LOW                bssCOMRAM    000017
_RB6_FLAG                                dataCOMRAM   00004C
_RB6_ISR                                 text16       0018BC
_RB6_InterruptHandler_HIGH               bssCOMRAM    000015
_RB6_InterruptHandler_LOW                bssCOMRAM    000013
_RB7_FLAG                                dataCOMRAM   00004B
_RB7_ISR                                 text15       0018A2
_RB7_InterruptHandler_HIGH               bssCOMRAM    000011
_RB7_InterruptHandler_LOW                bssCOMRAM    00000F
_T0CONbits                               (abs)        000FD5
_T1CONbits                               (abs)        000FCD
_T2CONbits                               (abs)        000FCA
_T3CONbits                               (abs)        000FB1
_TIMER0_ISR                              text14       001886
_TIMER0_InterruptHandler                 bssCOMRAM    00000D
_TIMER1_ISR                              text13       00191E
_TIMER1_InterruptHandler                 bssCOMRAM    00000B
_TIMER2_ISR                              text12       00192A
_TIMER2_InterruptHandler                 bssCOMRAM    000005
_TIMER3_ISR                              text10       0017F0
_TIMER3_InterruptHandler                 bssCOMRAM    000001
_TMR0H                                   (abs)        000FD7
_TMR0L                                   (abs)        000FD6
_TMR1H                                   (abs)        000FCF
_TMR1L                                   (abs)        000FCE
_TMR2                                    (abs)        000FCC
_TMR3H                                   (abs)        000FB3
_TMR3L                                   (abs)        000FB2
_TRISA                                   (abs)        000F92
_TRISB                                   (abs)        000F93
_TRISC                                   (abs)        000F94
_TRISD                                   (abs)        000F95
_TRISE                                   (abs)        000F96
_Timer3_DefaultInterruptHandler          text11       001932
_Timer3_Init                             text7        001562
_Timer3_ReadVal                          text6        001740
_Timer3_mode_select                      text8        001600
__HRAM                                   (abs)        000000
__H__absolute__                          __absolute__ 000000
__Habs1                                  abs1         000000
__Hbank0                                 bank0        000000
__Hbank1                                 bank1        000000
__Hbank10                                bank10       000000
__Hbank11                                bank11       000000
__Hbank12                                bank12       000000
__Hbank13                                bank13       000000
__Hbank14                                bank14       000000
__Hbank15                                bank15       000000
__Hbank2                                 bank2        000000
__Hbank3                                 bank3        000000
__Hbank4                                 bank4        000000
__Hbank5                                 bank5        000000
__Hbank6                                 bank6        000000
__Hbank7                                 bank7        000000
__Hbank8                                 bank8        000000
__Hbank9                                 bank9        000000
__Hbigbss                                bigbss       000000
__Hbigdata                               bigdata      000000
__Hbigram                                bigram       000000
__Hbigsfr                                bigsfr       000000
__Hbss                                   bss          000000
__HbssCOMRAM                             bssCOMRAM    000000
__Hcinit                                 cinit        000000
__Hclrtext                               clrtext      000000
__Hcomram                                comram       000000
__Hconfig                                config       30000E
__Hconst                                 const        000000
__HcstackCOMRAM                          cstackCOMRAM 000000
__Hdata                                  data         000000
__HdataBANK0                             dataBANK0    000000
__HdataCOMRAM                            dataCOMRAM   000000
__Heeprom_data                           eeprom_data  000000
__Hfarbss                                farbss       000000
__Hfardata                               fardata      000000
__Hheap                                  heap         000000
__Hibigdata                              ibigdata     000000
__Hidata                                 idata        000000
__HidataBANK0                            idataBANK0   000000
__HidataCOMRAM                           idataCOMRAM  000000
__Hidloc                                 idloc        000000
__Hifardata                              ifardata     000000
__Hinit                                  init         000012
__Hintcode                               intcode      00000E
__Hintcode_body                          intcode_body 000000
__Hintcodelo                             intcodelo    000018
__Hintentry                              intentry     000000
__Hintret                                intret       000000
__Hintsave_regs                          intsave_regs 000000
__Hirdata                                irdata       000000
__Hmediumconst                           mediumconst  000000
__HnvCOMRAM                              nvCOMRAM     000000
__HnvFARRAM                              nvFARRAM     000000
__Hnvbit                                 nvbit        000000
__Hnvrram                                nvrram       000000
__Hparam                                 rparam       000000
__Hpowerup                               powerup      000000
__Hram                                   ram          000000
__Hramtop                                ramtop       001000
__Hrbit                                  rbit         000000
__Hrbss                                  rbss         000000
__Hrdata                                 rdata        000000
__Hreset_vec                             reset_vec    000004
__Hrparam                                rparam       000000
__Hsfr                                   sfr          000000
__Hsivt_hi                               sivt_hi      000000
__Hsivt_lo                               sivt_lo      000018
__Hsmallconst                            smallconst   001016
__Hspace_0                               (abs)        00194A
__Hspace_1                               (abs)        000094
__Hspace_2                               (abs)        000000
__Hspace_4                               (abs)        60000E
__Hstack                                 stack        000000
__Hstruct                                struct       000000
__Htemp                                  temp         000078
__Htext                                  text         000000
__Htext0                                 text0        000000
__Htext1                                 text1        000000
__Htext10                                text10       000000
__Htext11                                text11       000000
__Htext12                                text12       000000
__Htext13                                text13       000000
__Htext14                                text14       000000
__Htext15                                text15       000000
__Htext16                                text16       000000
__Htext17                                text17       000000
__Htext18                                text18       000000
__Htext19                                text19       000000
__Htext2                                 text2        000000
__Htext20                                text20       000000
__Htext21                                text21       000000
__Htext22                                text22       000000
__Htext3                                 text3        000000
__Htext4                                 text4        000000
__Htext5                                 text5        000000
__Htext6                                 text6        000000
__Htext7                                 text7        000000
__Htext8                                 text8        000000
__LRAM                                   (abs)        000001
__L__absolute__                          __absolute__ 000000
__Labs1                                  abs1         000000
__Lbank0                                 bank0        000000
__Lbank1                                 bank1        000000
__Lbank10                                bank10       000000
__Lbank11                                bank11       000000
__Lbank12                                bank12       000000
__Lbank13                                bank13       000000
__Lbank14                                bank14       000000
__Lbank15                                bank15       000000
__Lbank2                                 bank2        000000
__Lbank3                                 bank3        000000
__Lbank4                                 bank4        000000
__Lbank5                                 bank5        000000
__Lbank6                                 bank6        000000
__Lbank7                                 bank7        000000
__Lbank8                                 bank8        000000
__Lbank9                                 bank9        000000
__Lbigbss                                bigbss       000000
__Lbigdata                               bigdata      000000
__Lbigram                                bigram       000000
__Lbigsfr                                bigsfr       000000
__Lbss                                   bss          000000
__LbssCOMRAM                             bssCOMRAM    000000
__Lcinit                                 cinit        000000
__Lclrtext                               clrtext      000000
__Lcomram                                comram       000000
__Lconfig                                config       000000
__Lconst                                 const        000000
__LcstackCOMRAM                          cstackCOMRAM 000000
__Ldata                                  data         000000
__LdataBANK0                             dataBANK0    000000
__LdataCOMRAM                            dataCOMRAM   000000
__Leeprom_data                           eeprom_data  000000
__Lfarbss                                farbss       000000
__Lfardata                               fardata      000000
__Lheap                                  heap         000000
__Libigdata                              ibigdata     000000
__Lidata                                 idata        000000
__LidataBANK0                            idataBANK0   000000
__LidataCOMRAM                           idataCOMRAM  000000
__Lidloc                                 idloc        000000
__Lifardata                              ifardata     000000
__Linit                                  init         00000E
__Lintcode                               intcode      000008
__Lintcode_body                          intcode_body 000000
__Lintcodelo                             intcodelo    000018
__Lintentry                              intentry     000000
__Lintret                                intret       000000
__Lintsave_regs                          intsave_regs 000000
__Lirdata                                irdata       000000
__Lmediumconst                           mediumconst  000000
__LnvCOMRAM                              nvCOMRAM     000000
__LnvFARRAM                              nvFARRAM     000000
__Lnvbit                                 nvbit        000000
__Lnvrram                                nvrram       000000
__Lparam                                 rparam       000000
__Lpowerup                               powerup      000000
__Lram                                   ram          000000
__Lramtop                                ramtop       001000
__Lrbit                                  rbit         000000
__Lrbss                                  rbss         000000
__Lrdata                                 rdata        000000
__Lreset_vec                             reset_vec    000000
__Lrparam                                rparam       000000
__Lsfr                                   sfr          000000
__Lsivt_hi                               sivt_hi      000000
__Lsivt_lo                               sivt_lo      000018
__Lsmallconst                            smallconst   001000
__Lspace_0                               (abs)        000000
__Lspace_1                               (abs)        000000
__Lspace_2                               (abs)        000000
__Lspace_4                               (abs)        000000
__Lstack                                 stack        000000
__Lstruct                                struct       000000
__Ltemp                                  temp         000077
__Ltext                                  text         000000
__Ltext0                                 text0        000000
__Ltext1                                 text1        000000
__Ltext10                                text10       000000
__Ltext11                                text11       000000
__Ltext12                                text12       000000
__Ltext13                                text13       000000
__Ltext14                                text14       000000
__Ltext15                                text15       000000
__Ltext16                                text16       000000
__Ltext17                                text17       000000
__Ltext18                                text18       000000
__Ltext19                                text19       000000
__Ltext2                                 text2        000000
__Ltext20                                text20       000000
__Ltext21                                text21       000000
__Ltext22                                text22       000000
__Ltext3                                 text3        000000
__Ltext4                                 text4        000000
__Ltext5                                 text5        000000
__Ltext6                                 text6        000000
__Ltext7                                 text7        000000
__Ltext8                                 text8        000000
__S0                                     (abs)        00194A
__S1                                     (abs)        000094
__S4                                     (abs)        000000
__S5                                     (abs)        000000
___heap_hi                               (abs)        000000
___heap_lo                               (abs)        000000
___inthi_sp                              stack        000000
___inthi_stack_hi                        stack        000000
___inthi_stack_lo                        stack        000000
___intlo_sp                              stack        000000
___intlo_stack_hi                        stack        000000
___intlo_stack_lo                        stack        000000
___param_bank                            (abs)        000000
___rparam_used                           (abs)        000001
___sp                                    stack        000000
___stack_hi                              stack        000000
___stack_lo                              stack        000000
__accesstop                              (abs)        000080
__activetblptr                           (abs)        000003
__end_of_ADC_ISR                         text22       001948
__end_of_INT0_ISR                        text21       001944
__end_of_INT1_ISR                        text20       001940
__end_of_INT2_ISR                        text19       00193C
__end_of_InterruptManager                intcode_body 001344
__end_of_RB4_ISR                         text18       00190A
__end_of_RB5_ISR                         text17       0018F0
__end_of_RB6_ISR                         text16       0018D6
__end_of_RB7_ISR                         text15       0018BC
__end_of_TIMER0_ISR                      text14       0018A2
__end_of_TIMER1_ISR                      text13       00192A
__end_of_TIMER2_ISR                      text12       001932
__end_of_TIMER3_ISR                      text10       001826
__end_of_Timer3_DefaultInterruptHandler  text11       001938
__end_of_Timer3_Init                     text7        001600
__end_of_Timer3_ReadVal                  text6        00179A
__end_of_Timer3_mode_select              text8        001676
__end_of__initialization                 cinit        0017E6
__end_of_application_initialize          text5        00194A
__end_of_btn_value                       smallconst   001011
__end_of_gpio_pin_direction_intialize    text4        001454
__end_of_gpio_pin_intialize              text2        001740
__end_of_gpio_pin_write_logic            text3        001562
__end_of_led_initialize                  text1        0016E4
__end_of_main                            text0        001886
__initialization                         cinit        00179A
__mediumconst                            smallconst   001000
__pbssCOMRAM                             bssCOMRAM    000001
__pcinit                                 cinit        00179A
__pcstackCOMRAM                          cstackCOMRAM 000063
__pdataBANK0                             dataBANK0    000080
__pdataCOMRAM                            dataCOMRAM   000032
__pidataBANK0                            idataBANK0   00190A
__pidataCOMRAM                           idataCOMRAM  001826
__pintcode                               intcode      000008
__pintcode_body                          intcode_body 001016
__pnvCOMRAM                              nvCOMRAM     000076
__psmallconst                            smallconst   001000
__ptext0                                 text0        001858
__ptext1                                 text1        001676
__ptext10                                text10       0017F0
__ptext11                                text11       001932
__ptext12                                text12       00192A
__ptext13                                text13       00191E
__ptext14                                text14       001886
__ptext15                                text15       0018A2
__ptext16                                text16       0018BC
__ptext17                                text17       0018D6
__ptext18                                text18       0018F0
__ptext19                                text19       001938
__ptext2                                 text2        0016E4
__ptext20                                text20       00193C
__ptext21                                text21       001940
__ptext22                                text22       001944
__ptext3                                 text3        001454
__ptext4                                 text4        001344
__ptext5                                 text5        001948
__ptext6                                 text6        001740
__ptext7                                 text7        001562
__ptext8                                 text8        001600
__ramtop                                 ramtop       001000
__smallconst                             smallconst   001000
_application_initialize                  text5        001948
_btn_value                               smallconst   001001
_counter_obj                             dataCOMRAM   00005D
_gpio_pin_direction_intialize            text4        001344
_gpio_pin_intialize                      text2        0016E4
_gpio_pin_write_logic                    text3        001454
_keypad1                                 dataCOMRAM   00004F
_lat_register                            dataCOMRAM   000032
_lcd1                                    dataCOMRAM   000057
_lcd2                                    dataBANK0    00008A
_led1                                    dataCOMRAM   000062
_led_initialize                          text1        001676
_main                                    text0        001858
_port_register                           dataBANK0    000080
_ret                                     nvCOMRAM     000076
_timer0_preload                          bssCOMRAM    000028
_timer1_preload                          bssCOMRAM    000009
_timer1_preload@hal_timer2$F2509         bssCOMRAM    000027
_timer3_counter_readVal                  bssCOMRAM    000030
_timer3_flag                             bssCOMRAM    000007
_timer3_obj                              dataCOMRAM   000046
_timer3_preload                          bssCOMRAM    000003
_tris_register                           dataCOMRAM   00003C
btemp                                    temp         000077
end_of_initialization                    cinit        0017E6
gpio_pin_direction_intialize@_pin_config cstackCOMRAM 000067
gpio_pin_direction_intialize@ret         cstackCOMRAM 00006D
gpio_pin_intialize@_pin_config           cstackCOMRAM 00006F
gpio_pin_intialize@ret                   cstackCOMRAM 000071
gpio_pin_write_logic@_pin_config         cstackCOMRAM 000067
gpio_pin_write_logic@logic               cstackCOMRAM 000068
gpio_pin_write_logic@ret                 cstackCOMRAM 00006E
int$flags                                temp         000077
int_func                                 intcode_body 001016
intlevel0                                text         000000
intlevel1                                text         000000
intlevel2                                text         000000
intlevel3                                text         000000
isa$std                                  (abs)        000001
isa$xinst                                (abs)        000000
led_initialize@F3061                     bssCOMRAM    00002F
led_initialize@led                       cstackCOMRAM 000072
led_initialize@pin_obj                   cstackCOMRAM 000075
led_initialize@ret                       cstackCOMRAM 000074
led_turn_off@F3071                       bssCOMRAM    00002D
led_turn_on@F3066                        bssCOMRAM    00002E
led_turn_toggle@F3076                    bssCOMRAM    00002C
relay_initialize@F3055                   bssCOMRAM    00002B
relay_turn_off@F3065                     bssCOMRAM    000029
relay_turn_on@F3060                      bssCOMRAM    00002A
stackhi                                  (abs)        000000
stacklo                                  (abs)        000000
start                                    init         00000E
start_initialization                     cinit        00179A
ttemp5                                   temp         000078
ttemp6                                   temp         00007B
ttemp7                                   temp         00007F
wtemp8                                   temp         000078


MODULE INFORMATION

Module		Function		Class		Link	Load	Size
MCAL_layer/Interrupt/mcal_interrupt_manager.c
		_InterruptManager		CODE           	0008	0000	820

MCAL_layer/Interrupt/mcal_interrupt_manager.c estimated size: 820

MCAL_layer/Interrupt/mcal_external_interrupt.c
		_RB4_ISR       		CODE           	18F0	0000	26
		_RB5_ISR       		CODE           	18D6	0000	26
		_RB6_ISR       		CODE           	18BC	0000	26
		_RB7_ISR       		CODE           	18A2	0000	26
		_INT0_ISR      		CODE           	1940	0000	4
		_INT1_ISR      		CODE           	193C	0000	4
		_INT2_ISR      		CODE           	1938	0000	4

MCAL_layer/Interrupt/mcal_external_interrupt.c estimated size: 116

MCAL_layer/GPIO/hal_gpio.c
		_gpio_pin_write_logic		CODE           	1454	0000	270
		_gpio_pin_intialize		CODE           	16E4	0000	92
		_gpio_pin_direction_intialize		CODE           	1344	0000	272

MCAL_layer/GPIO/hal_gpio.c estimated size: 634

MCAL_layer/TIMER3/hal_timer3.c
		_Timer3_Init   		CODE           	1562	0000	158
		_Timer3_ReadVal		CODE           	1740	0000	90
		_Timer3_mode_select		CODE           	1600	0000	118
		_TIMER3_ISR    		CODE           	17F0	0000	54

MCAL_layer/TIMER3/hal_timer3.c estimated size: 420

MCAL_layer/TIMER2/hal_timer2.c
		_TIMER2_ISR    		CODE           	192A	0000	8

MCAL_layer/TIMER2/hal_timer2.c estimated size: 8

MCAL_layer/TIMER1/hal_timer1.c
		_TIMER1_ISR    		CODE           	191E	0000	12

MCAL_layer/TIMER1/hal_timer1.c estimated size: 12

MCAL_layer/TIMER0/hal_timer0.c
		_TIMER0_ISR    		CODE           	1886	0000	28

MCAL_layer/TIMER0/hal_timer0.c estimated size: 28

MCAL_layer/ADC/hal_adc.c
		_ADC_ISR       		CODE           	1944	0000	4

MCAL_layer/ADC/hal_adc.c estimated size: 4

shared
		_btn_value     		SMALLCONST     	1001	0000	16
		__initialization		CODE           	179A	0000	76

shared estimated size: 92

ECU_layer/LED/ecu_led.c
		_led_initialize		CODE           	1676	0000	110

ECU_layer/LED/ecu_led.c estimated size: 110

application.c
		_Timer3_DefaultInterruptHandler		CODE           	1932	0000	6
		_application_initialize		CODE           	1948	0000	2
		_main          		CODE           	1858	0000	46

application.c estimated size: 54

